{
  "character_id": "750e8400-e29b-41d4-a716-446655440000",
  "email": "test@example.com",
  "user_id": "550e8400-e29b-41d4-a716-446655440000",
  "x": 100,
  "y": 200
}