{
  "items": [
    "a",
    "b",
    "c"
  ],
  "name": "test",
  "value": 42
}