This is a test string
with multiple lines
for testing.